Synthesis report
Wed Nov  8 13:59:20 2023
Quartus Prime Version 23.3.0 Build 104 09/20/2023 SC Pro Edition


---------------------
; Table of Contents ;
---------------------
  1. Synthesis Summary
  2. Synthesis Settings
  3. Synthesis Source Files Read
  4. Synthesis IP Cores Summary
  5. Synthesis Partition Summary
  6. Source Assignments for User Entity fp_add_altera_fp_functions_1917_3lb67iq Instance: fp_add_inst|fp_functions_0
  7. Source Assignments for User Entity fp_compare_altera_fp_functions_1917_q54p7sy Instance: c_leq_min_inst|fp_functions_0
  8. Parameter Settings for Top-Level Entity
  9. Parameter Settings for User Entity dspba_delay Instance: c_leq_min_inst|fp_functions_0|oneIsNaN_uid34_fpCompareTest_delay
 10. Parameter Settings for User Entity dspba_reg Instance: c_leq_min_inst|fp_functions_0|oneIsNaN_uid34_fpCompareTest_delay|delay_block.delay_loop[0].with_reset.reg
 11. Partition "root_partition" Resource Utilization by Entity
 12. State Machine - Summary
 13. State Machine - state
 14. Registers Removed During Synthesis
 15. Removed Registers Triggering Further Register Optimizations
 16. General Register Statistics for Partition "root_partition"
 17. Inverted Register Statistics
 18. Multiplexer Restructuring Statistics (Restructuring Performed)
 19. Preserve for Debug Assignments for Partition "root_partition"
 20. Post-Synthesis Netlist Statistics for Partition "root_partition"
 21. Synthesis Resource Usage Summary for Partition "root_partition"
 22. Verilog Macro Usage
 23. Top Causes of Logic Optimized Away During Sweep
 24. Synthesis Messages



+---------------------------------------------------------------+
; Synthesis Summary                                             ;
+-----------------------+---------------------------------------+
; Synthesis Status      ; Successful - Wed Nov  8 13:59:19 2023 ;
; Revision Name         ; hdl                                   ;
; Top-level Entity Name ; ElementAdditionCutBipolar_F           ;
; Family                ; Cyclone 10 GX                         ;
+-----------------------+---------------------------------------+


+-----------------------------------------------------------------------------------------------------------------------------------------+
; Synthesis Settings                                                                                                                      ;
+---------------------------------------------------------------------------------+-----------------------------+-------------------------+
; Option                                                                          ; Setting                     ; Default Value           ;
+---------------------------------------------------------------------------------+-----------------------------+-------------------------+
; Device                                                                          ; 10CX220YF780I5G             ;                         ;
; Top-level entity name                                                           ; ElementAdditionCutBipolar_F ; hdl                     ;
; Family name                                                                     ; Cyclone 10 GX               ; Cyclone 10 GX           ;
; Enable parallel Assembler and Timing Analyzer during compilation                ; On                          ; On                      ;
; Enable compact report table                                                     ; Off                         ; Off                     ;
; Design Assistant include IP blocks                                              ; Off                         ; Off                     ;
; High fanout net threshold for RAM inference                                     ; 15                          ; 15                      ;
; Design Assistant limit on reported violations per rule                          ; 5000                        ; 5000                    ;
; Optimization Mode                                                               ; Balanced                    ; Balanced                ;
; Allow Register Merging                                                          ; On                          ; On                      ;
; Allow Register Duplication                                                      ; On                          ; On                      ;
; Allow Register Retiming                                                         ; On                          ; On                      ;
; Allow RAM Retiming                                                              ; Off                         ; Off                     ;
; Allow DSP Retiming                                                              ; Off                         ; Off                     ;
; Restructure Multiplexers                                                        ; Auto                        ; Auto                    ;
; Waive gated clock synchronizer check                                            ; On                          ; On                      ;
; MLAB Add Timing Constraints For Mixed-Port Feed-Through Mode Setting Don't Care ; Off                         ; Off                     ;
; Preserve fewer node names                                                       ; On                          ; On                      ;
; Intel FPGA IP Evaluation Mode                                                   ; Enable                      ; Enable                  ;
; Verilog Version                                                                 ; Verilog_2001                ; Verilog_2001            ;
; VHDL Version                                                                    ; VHDL_1993                   ; VHDL_1993               ;
; State Machine Processing                                                        ; Auto                        ; Auto                    ;
; Safe State Machine                                                              ; Auto                        ; Auto                    ;
; Iteration limit for constant Verilog loops                                      ; 5000                        ; 5000                    ;
; Iteration limit for non-constant Verilog loops                                  ; 250                         ; 250                     ;
; Infer RAMs from Raw Logic                                                       ; On                          ; On                      ;
; DSP Block Balancing                                                             ; Auto                        ; Auto                    ;
; NOT Gate Push-Back                                                              ; On                          ; On                      ;
; Power-Up Don't Care                                                             ; On                          ; On                      ;
; Remove Redundant Logic Cells                                                    ; Off                         ; Off                     ;
; Remove Duplicate Registers                                                      ; On                          ; On                      ;
; Ignore GLOBAL Buffers                                                           ; Off                         ; Off                     ;
; Ignore LCELL Buffers                                                            ; Off                         ; Off                     ;
; Ignore SOFT Buffers                                                             ; On                          ; On                      ;
; Optimization Technique                                                          ; Balanced                    ; Balanced                ;
; Auto Open-Drain Pins                                                            ; On                          ; On                      ;
; Perform WYSIWYG Primitive Resynthesis                                           ; Off                         ; Off                     ;
; Auto ROM Replacement                                                            ; On                          ; On                      ;
; Auto RAM Replacement                                                            ; On                          ; On                      ;
; Auto DSP Block Replacement                                                      ; On                          ; On                      ;
; Auto Shift Register Replacement                                                 ; Auto                        ; Auto                    ;
; Allow Shift Register Merging across Hierarchies                                 ; Auto                        ; Auto                    ;
; Auto Clock Enable Replacement                                                   ; On                          ; On                      ;
; Strict RAM Replacement                                                          ; Off                         ; Off                     ;
; Allow Synchronous Control Signals                                               ; On                          ; On                      ;
; Force Use of Synchronous Clear Signals                                          ; Off                         ; Off                     ;
; Auto Resource Sharing                                                           ; Off                         ; Off                     ;
; Allow Any RAM Size For Recognition                                              ; Off                         ; Off                     ;
; Allow Any Shift Register Size For Recognition                                   ; Off                         ; Off                     ;
; Ignore translate_off and synthesis_off directives                               ; Off                         ; Off                     ;
; Timing-Driven Synthesis                                                         ; On                          ; On                      ;
; Report Propagation of Constraints                                               ; On                          ; On                      ;
; Ignore Maximum Fan-Out Assignments                                              ; Off                         ; Off                     ;
; Synchronization Register Chain Length                                           ; 3                           ; 3                       ;
; Power Optimization During Synthesis                                             ; Normal compilation          ; Normal compilation      ;
; HDL message level                                                               ; Level2                      ; Level2                  ;
; Number of Protected Registers Reported in Synthesis Report                      ; 100                         ; 100                     ;
; Number of Removed Registers Reported in Synthesis Report                        ; 5000                        ; 5000                    ;
; Number of Optimized Away Hierarchies Reported in Synthesis Report               ; 100                         ; 100                     ;
; Group Identical Hierarchies in Optimized Away Hierarchies Report                ; On                          ; On                      ;
; Number of Swept Nodes Reported in Synthesis Report                              ; 5000                        ; 5000                    ;
; Number of Inverted Registers Reported in Synthesis Report                       ; 100                         ; 100                     ;
; Clock MUX Protection                                                            ; On                          ; On                      ;
; Auto Gated Clock Conversion                                                     ; Off                         ; Off                     ;
; Block Design Naming                                                             ; Auto                        ; Auto                    ;
; SDC constraint protection                                                       ; Off                         ; Off                     ;
; Optimization and Constraint Precedence                                          ; Prioritize Optimization     ; Prioritize Optimization ;
; Synthesis Effort                                                                ; Auto                        ; Auto                    ;
; Shift Register Replacement - Allow Asynchronous Clear Signal                    ; On                          ; On                      ;
; Analysis & Synthesis Message Level                                              ; Medium                      ; Medium                  ;
; Disable Register Merging Across Hierarchies                                     ; Auto                        ; Auto                    ;
; Resource Aware Inference For Block RAM                                          ; On                          ; On                      ;
; Automatic Parallel Synthesis                                                    ; On                          ; On                      ;
; Partial Reconfiguration Bitstream ID                                            ; Off                         ; Off                     ;
; Disable DSP Negate Inferencing                                                  ; Off                         ; Off                     ;
; Report Parameter Settings                                                       ; On                          ; On                      ;
; Report Parameter Settings to ASCII                                              ; On                          ; On                      ;
; Report Source Assignments                                                       ; On                          ; On                      ;
; Report Source Assignments to ASCII                                              ; On                          ; On                      ;
; Report Resource Utilization by Entity to ASCII                                  ; On                          ; On                      ;
; Size of the Latch Report                                                        ; 100                         ; 100                     ;
; Enable VHDL static assertion support                                            ; Off                         ; Off                     ;
; Enable SystemVerilog static assertion support                                   ; Off                         ; Off                     ;
; Enable State Machines Inference                                                 ; On                          ; On                      ;
; Allow RAMs Inferred In Generate-For Loop For Verilog                            ; Off                         ; Off                     ;
; Enable formal verification support during compilation                           ; Off                         ; Off                     ;
; Size of the PR Initial Conditions Report                                        ; 100                         ; 100                     ;
; Number of Registers with Ignored Power-Up Settings Reported in Synthesis Report ; 500                         ; 500                     ;
; Report PR Initial Values as Errors                                              ; Off                         ; Off                     ;
; Fractal Synthesis                                                               ; Off                         ; Off                     ;
; Synthesis Available Resource Multiplier                                         ; 1                           ; 1                       ;
; Message Level for Unconnected Output Ports                                      ; Warning                     ; Warning                 ;
; Pack Barrelshifters into Carry Chains for Better Area                           ; Auto                        ; Auto                    ;
; Initialize Verilog enums to X                                                   ; Off                         ; Off                     ;
; Enable dynamic report                                                           ; Off                         ; Off                     ;
; Show Collapsible Rows in Ascii Report for Warning Summary Reports               ; On                          ; On                      ;
; Enable preserve for debug assignments                                           ; Off                         ; Off                     ;
+---------------------------------------------------------------------------------+-----------------------------+-------------------------+


+------------------------------------------------------------------------------------------------------------------------------------------------------------------------------------------------------------------------------------------------------------------------------------------------------------------------------------------------------------------------------------------------------------+
; Synthesis Source Files Read                                                                                                                                                                                                                                                                                                                                                                                ;
+-----------------------------------------------------------------------------------------------------------------+----------------------------------------+---------------------------------------------------------------------------------------------------------------------------------------------+--------------------------+-------------------------------------+----------------------------------+
; File Name with User-Entered Path                                                                                ; File Type                              ; File Name with Absolute Path                                                                                                                ; Library                  ; IP Source                           ; MD5                              ;
+-----------------------------------------------------------------------------------------------------------------+----------------------------------------+---------------------------------------------------------------------------------------------------------------------------------------------+--------------------------+-------------------------------------+----------------------------------+
; ../rtl/bundling/element_addition_cut/ElementAdditionCutBipolar_State.h                                          ; User-Specified File                    ; D:/School/Grad/Code/my_hdc/hdl/rtl/bundling/element_addition_cut/ElementAdditionCutBipolar_State.h                                          ;                          ;                                     ; c302965e3a5945d6bdb42f2cb5ff331d ;
; ../rtl/bundling/element_addition_cut/ElementAdditionCutBipolar_F.sv                                             ; User-Specified SystemVerilog HDL File  ; D:/School/Grad/Code/my_hdc/hdl/rtl/bundling/element_addition_cut/ElementAdditionCutBipolar_F.sv                                             ;                          ;                                     ; 62b8372b0ea62473b14e7d4a73900060 ;
; ../rtl/floating_point/fp_add.ip                                                                                 ; User-Specified IP File                 ; D:/School/Grad/Code/my_hdc/hdl/rtl/floating_point/fp_add.ip                                                                                 ;                          ;                                     ; b44dfadfd23df8a1233200bdbf3eaeb8 ;
; ../rtl/floating_point/fp_add/altera_fp_functions_1917/synth/dspba_library_package.vhd                           ; User-Specified VHDL File               ; D:/School/Grad/Code/my_hdc/hdl/rtl/floating_point/fp_add/altera_fp_functions_1917/synth/dspba_library_package.vhd                           ; altera_fp_functions_1917 ; ../rtl/floating_point/fp_add.ip     ; 0d452ce175c471c7cd001a454c77d335 ;
; ../rtl/floating_point/fp_add/altera_fp_functions_1917/synth/dspba_library.vhd                                   ; User-Specified VHDL File               ; D:/School/Grad/Code/my_hdc/hdl/rtl/floating_point/fp_add/altera_fp_functions_1917/synth/dspba_library.vhd                                   ; altera_fp_functions_1917 ; ../rtl/floating_point/fp_add.ip     ; f8c9cdc2c6a0cc87f0c9067934f77b8c ;
; ../rtl/floating_point/fp_add/altera_fp_functions_1917/synth/fp_add_altera_fp_functions_1917_3lb67iq.vhd         ; User-Specified VHDL File               ; D:/School/Grad/Code/my_hdc/hdl/rtl/floating_point/fp_add/altera_fp_functions_1917/synth/fp_add_altera_fp_functions_1917_3lb67iq.vhd         ; altera_fp_functions_1917 ; ../rtl/floating_point/fp_add.ip     ; 972ed620b0ee8448ba1954391bb932f7 ;
; ../rtl/floating_point/fp_add/synth/fp_add.v                                                                     ; User-Specified Verilog HDL File        ; D:/School/Grad/Code/my_hdc/hdl/rtl/floating_point/fp_add/synth/fp_add.v                                                                     ; fp_add                   ; ../rtl/floating_point/fp_add.ip     ; 5f35e4c56b54df40e388bca94b8a22ef ;
; ../rtl/floating_point/fp_compare.ip                                                                             ; User-Specified IP File                 ; D:/School/Grad/Code/my_hdc/hdl/rtl/floating_point/fp_compare.ip                                                                             ;                          ;                                     ; 2cecb679eb3a47181b54eeee5aad9761 ;
; ../rtl/floating_point/fp_compare/altera_fp_functions_1917/synth/dspba_library_package.vhd                       ; User-Specified VHDL File               ; D:/School/Grad/Code/my_hdc/hdl/rtl/floating_point/fp_compare/altera_fp_functions_1917/synth/dspba_library_package.vhd                       ; altera_fp_functions_1917 ; ../rtl/floating_point/fp_compare.ip ; 0d452ce175c471c7cd001a454c77d335 ;
; ../rtl/floating_point/fp_compare/altera_fp_functions_1917/synth/dspba_library.vhd                               ; User-Specified VHDL File               ; D:/School/Grad/Code/my_hdc/hdl/rtl/floating_point/fp_compare/altera_fp_functions_1917/synth/dspba_library.vhd                               ; altera_fp_functions_1917 ; ../rtl/floating_point/fp_compare.ip ; f8c9cdc2c6a0cc87f0c9067934f77b8c ;
; ../rtl/floating_point/fp_compare/altera_fp_functions_1917/synth/fp_compare_altera_fp_functions_1917_q54p7sy.vhd ; User-Specified VHDL File               ; D:/School/Grad/Code/my_hdc/hdl/rtl/floating_point/fp_compare/altera_fp_functions_1917/synth/fp_compare_altera_fp_functions_1917_q54p7sy.vhd ; altera_fp_functions_1917 ; ../rtl/floating_point/fp_compare.ip ; 351ce0fad09af01725bd56484d6a5128 ;
; ../rtl/floating_point/fp_compare/synth/fp_compare.v                                                             ; User-Specified Verilog HDL File        ; D:/School/Grad/Code/my_hdc/hdl/rtl/floating_point/fp_compare/synth/fp_compare.v                                                             ; fp_compare               ; ../rtl/floating_point/fp_compare.ip ; cb0b6fee1b12d0450048d0c918fe1690 ;
+-----------------------------------------------------------------------------------------------------------------+----------------------------------------+---------------------------------------------------------------------------------------------------------------------------------------------+--------------------------+-------------------------------------+----------------------------------+


+-----------------------------------------------------------------------------------------------------------------------------------------+
; Synthesis IP Cores Summary                                                                                                              ;
+-------------------+---------------------+---------+--------------+--------------+-----------------+-------------------------------------+
; Vendor            ; IP Core Name        ; Version ; Release Date ; License Type ; Entity Instance ; IP Include File                     ;
+-------------------+---------------------+---------+--------------+--------------+-----------------+-------------------------------------+
; Intel Corporation ; altera_fp_functions ; 19.1.7  ; N/A          ; N/A          ; fp_add_inst     ; ../rtl/floating_point/fp_add.ip     ;
; Intel Corporation ; altera_fp_functions ; 19.1.7  ; N/A          ; N/A          ; c_leq_max_inst  ; ../rtl/floating_point/fp_compare.ip ;
; Intel Corporation ; altera_fp_functions ; 19.1.7  ; N/A          ; N/A          ; c_leq_min_inst  ; ../rtl/floating_point/fp_compare.ip ;
+-------------------+---------------------+---------+--------------+--------------+-----------------+-------------------------------------+


+--------------------------------------------------------------------------------------------+
; Synthesis Partition Summary                                                                ;
+----------------+----------------+---------+--------------+-------+-------------------------+
; Partition Name ; Hierarchy Path ; Type    ; Preservation ; Empty ; Partition Database File ;
+----------------+----------------+---------+--------------+-------+-------------------------+
; root_partition ; |              ; Default ;              ;       ;                         ;
+----------------+----------------+---------+--------------+-------+-------------------------+


+-----------------------------------------------------------------------------------------------------------------+
; Source Assignments for User Entity fp_add_altera_fp_functions_1917_3lb67iq Instance: fp_add_inst|fp_functions_0 ;
+---------------------------------+--------+------+----+----------------------------------------------------------+
; Assignment                      ; Value  ; From ; To ; Source Location                                          ;
+---------------------------------+--------+------+----+----------------------------------------------------------+
; AUTO_SHIFT_REGISTER_RECOGNITION ; OFF    ; -    ; -  ; fp_add_altera_fp_functions_1917_3lb67iq.vhd:37           ;
; MESSAGE_DISABLE                 ; 10036  ; -    ; -  ; fp_add_altera_fp_functions_1917_3lb67iq.vhd:37           ;
; MESSAGE_DISABLE                 ; 10037  ; -    ; -  ; fp_add_altera_fp_functions_1917_3lb67iq.vhd:37           ;
; MESSAGE_DISABLE                 ; 14130  ; -    ; -  ; fp_add_altera_fp_functions_1917_3lb67iq.vhd:37           ;
; MESSAGE_DISABLE                 ; 14320  ; -    ; -  ; fp_add_altera_fp_functions_1917_3lb67iq.vhd:37           ;
; MESSAGE_DISABLE                 ; 15400  ; -    ; -  ; fp_add_altera_fp_functions_1917_3lb67iq.vhd:37           ;
; MESSAGE_DISABLE                 ; 14130  ; -    ; -  ; fp_add_altera_fp_functions_1917_3lb67iq.vhd:37           ;
; MESSAGE_DISABLE                 ; 10036  ; -    ; -  ; fp_add_altera_fp_functions_1917_3lb67iq.vhd:37           ;
; MESSAGE_DISABLE                 ; 12020  ; -    ; -  ; fp_add_altera_fp_functions_1917_3lb67iq.vhd:37           ;
; MESSAGE_DISABLE                 ; 12030  ; -    ; -  ; fp_add_altera_fp_functions_1917_3lb67iq.vhd:37           ;
; MESSAGE_DISABLE                 ; 12010  ; -    ; -  ; fp_add_altera_fp_functions_1917_3lb67iq.vhd:37           ;
; MESSAGE_DISABLE                 ; 12110  ; -    ; -  ; fp_add_altera_fp_functions_1917_3lb67iq.vhd:37           ;
; MESSAGE_DISABLE                 ; 14320  ; -    ; -  ; fp_add_altera_fp_functions_1917_3lb67iq.vhd:37           ;
; MESSAGE_DISABLE                 ; 13410  ; -    ; -  ; fp_add_altera_fp_functions_1917_3lb67iq.vhd:37           ;
; MESSAGE_DISABLE                 ; 113007 ; -    ; -  ; fp_add_altera_fp_functions_1917_3lb67iq.vhd:37           ;
+---------------------------------+--------+------+----+----------------------------------------------------------+
All Instances:
fp_add_inst|fp_functions_0



+------------------------------------------------------------------------------------------------------------------------+
; Source Assignments for User Entity fp_compare_altera_fp_functions_1917_q54p7sy Instance: c_leq_min_inst|fp_functions_0 ;
+---------------------------------+--------+------+----+-----------------------------------------------------------------+
; Assignment                      ; Value  ; From ; To ; Source Location                                                 ;
+---------------------------------+--------+------+----+-----------------------------------------------------------------+
; AUTO_SHIFT_REGISTER_RECOGNITION ; OFF    ; -    ; -  ; fp_compare_altera_fp_functions_1917_q54p7sy.vhd:38              ;
; MESSAGE_DISABLE                 ; 10036  ; -    ; -  ; fp_compare_altera_fp_functions_1917_q54p7sy.vhd:38              ;
; MESSAGE_DISABLE                 ; 10037  ; -    ; -  ; fp_compare_altera_fp_functions_1917_q54p7sy.vhd:38              ;
; MESSAGE_DISABLE                 ; 14130  ; -    ; -  ; fp_compare_altera_fp_functions_1917_q54p7sy.vhd:38              ;
; MESSAGE_DISABLE                 ; 14320  ; -    ; -  ; fp_compare_altera_fp_functions_1917_q54p7sy.vhd:38              ;
; MESSAGE_DISABLE                 ; 15400  ; -    ; -  ; fp_compare_altera_fp_functions_1917_q54p7sy.vhd:38              ;
; MESSAGE_DISABLE                 ; 14130  ; -    ; -  ; fp_compare_altera_fp_functions_1917_q54p7sy.vhd:38              ;
; MESSAGE_DISABLE                 ; 10036  ; -    ; -  ; fp_compare_altera_fp_functions_1917_q54p7sy.vhd:38              ;
; MESSAGE_DISABLE                 ; 12020  ; -    ; -  ; fp_compare_altera_fp_functions_1917_q54p7sy.vhd:38              ;
; MESSAGE_DISABLE                 ; 12030  ; -    ; -  ; fp_compare_altera_fp_functions_1917_q54p7sy.vhd:38              ;
; MESSAGE_DISABLE                 ; 12010  ; -    ; -  ; fp_compare_altera_fp_functions_1917_q54p7sy.vhd:38              ;
; MESSAGE_DISABLE                 ; 12110  ; -    ; -  ; fp_compare_altera_fp_functions_1917_q54p7sy.vhd:38              ;
; MESSAGE_DISABLE                 ; 14320  ; -    ; -  ; fp_compare_altera_fp_functions_1917_q54p7sy.vhd:38              ;
; MESSAGE_DISABLE                 ; 13410  ; -    ; -  ; fp_compare_altera_fp_functions_1917_q54p7sy.vhd:38              ;
; MESSAGE_DISABLE                 ; 113007 ; -    ; -  ; fp_compare_altera_fp_functions_1917_q54p7sy.vhd:38              ;
+---------------------------------+--------+------+----+-----------------------------------------------------------------+
All Instances:
c_leq_max_inst|fp_functions_0
c_leq_min_inst|fp_functions_0



+-------------------------------------------------+
; Parameter Settings for Top-Level Entity         ;
+------------------------+-------+----------------+
; Parameter Name         ; Value ; Type           ;
+------------------------+-------+----------------+
; CUT_NEG                ; -1    ; Untyped        ;
; CUT_POS                ; 1     ; Signed Integer ;
; HYPERVECTOR_DIMENSIONS ; 1000  ; Signed Integer ;
; NUM_KERNELS            ; 1     ; Signed Integer ;
+------------------------+-------+----------------+
All Instances:
<top>



+---------------------------------------------------------------------------------------------------------------------------+
; Parameter Settings for User Entity dspba_delay Instance: c_leq_min_inst|fp_functions_0|oneIsNaN_uid34_fpCompareTest_delay ;
+----------------+-------+--------------------------------------------------------------------------------------------------+
; Parameter Name ; Value ; Type                                                                                             ;
+----------------+-------+--------------------------------------------------------------------------------------------------+
; depth          ; 1     ; Untyped                                                                                          ;
; modulus        ; 1     ; Untyped                                                                                          ;
; phase          ; 0     ; Untyped                                                                                          ;
; reset_high     ; '1'   ; Untyped                                                                                          ;
; reset_kind     ; ASYNC ; String                                                                                           ;
; width          ; 1     ; Untyped                                                                                          ;
+----------------+-------+--------------------------------------------------------------------------------------------------+
All Instances:
c_leq_max_inst|fp_functions_0|rc2_uid63_fpCompareTest_delay
c_leq_min_inst|fp_functions_0|rc2_uid63_fpCompareTest_delay
fp_add_inst|fp_functions_0|vCount_uid152_lzCountVal_uid85_fpAddTest_delay
fp_add_inst|fp_functions_0|expXIsMax_uid38_fpAddTest_delay
fp_add_inst|fp_functions_0|fracXIsZero_uid39_fpAddTest_delay
fp_add_inst|fp_functions_0|fracXIsZero_uid25_fpAddTest_delay
fp_add_inst|fp_functions_0|signRInfRZRReg_uid137_fpAddTest_delay
fp_add_inst|fp_functions_0|excN_bSig_uid42_fpAddTest_delay
fp_add_inst|fp_functions_0|excN_aSig_uid28_fpAddTest_delay
fp_add_inst|fp_functions_0|regInputs_uid118_fpAddTest_delay
c_leq_max_inst|fp_functions_0|oneIsNaN_uid34_fpCompareTest_delay
c_leq_min_inst|fp_functions_0|oneIsNaN_uid34_fpCompareTest_delay



+------------------------------------------------------------------------------------------------------------------------------------------------------------------+
; Parameter Settings for User Entity dspba_reg Instance: c_leq_min_inst|fp_functions_0|oneIsNaN_uid34_fpCompareTest_delay|delay_block.delay_loop[0].with_reset.reg ;
+----------------+-------+-----------------------------------------------------------------------------------------------------------------------------------------+
; Parameter Name ; Value ; Type                                                                                                                                    ;
+----------------+-------+-----------------------------------------------------------------------------------------------------------------------------------------+
; init_value     ; 0     ; Unsigned Binary                                                                                                                         ;
; reset_high     ; '1'   ; Untyped                                                                                                                                 ;
; reset_kind     ; ASYNC ; String                                                                                                                                  ;
; width          ; 1     ; Untyped                                                                                                                                 ;
+----------------+-------+-----------------------------------------------------------------------------------------------------------------------------------------+
All Instances:
c_leq_max_inst|fp_functions_0|rc2_uid63_fpCompareTest_delay|delay_block.delay_loop[0].with_reset.reg
c_leq_min_inst|fp_functions_0|rc2_uid63_fpCompareTest_delay|delay_block.delay_loop[0].with_reset.reg
fp_add_inst|fp_functions_0|vCount_uid152_lzCountVal_uid85_fpAddTest_delay|delay_block.delay_loop[0].with_reset.reg
fp_add_inst|fp_functions_0|expXIsMax_uid38_fpAddTest_delay|delay_block.delay_loop[0].with_reset.reg
fp_add_inst|fp_functions_0|fracXIsZero_uid39_fpAddTest_delay|delay_block.delay_loop[0].with_reset.reg
fp_add_inst|fp_functions_0|fracXIsZero_uid25_fpAddTest_delay|delay_block.delay_loop[0].with_reset.reg
fp_add_inst|fp_functions_0|signRInfRZRReg_uid137_fpAddTest_delay|delay_block.delay_loop[0].with_reset.reg
fp_add_inst|fp_functions_0|excN_bSig_uid42_fpAddTest_delay|delay_block.delay_loop[0].with_reset.reg
fp_add_inst|fp_functions_0|excN_aSig_uid28_fpAddTest_delay|delay_block.delay_loop[0].with_reset.reg
fp_add_inst|fp_functions_0|regInputs_uid118_fpAddTest_delay|delay_block.delay_loop[0].with_reset.reg
c_leq_max_inst|fp_functions_0|oneIsNaN_uid34_fpCompareTest_delay|delay_block.delay_loop[0].with_reset.reg
c_leq_min_inst|fp_functions_0|oneIsNaN_uid34_fpCompareTest_delay|delay_block.delay_loop[0].with_reset.reg



+---------------------------------------------------------------------------------------------------------------------------------------------------------------------------------------------------------------------------------------------------------------------------------------------------------------------------------------------------------------------------+
; Partition "root_partition" Resource Utilization by Entity                                                                                                                                                                                                                                                                                                                 ;
+-----------------------------------------------------------+---------------------+---------------------------+-------------------+------------+------+--------------+--------+--------------------------------------------------------------------------------------------------------------------+---------------------------------------------+--------------------------+
; Compilation Hierarchy Node                                ; Combinational ALUTs ; Dedicated Logic Registers ; Block Memory Bits ; DSP Blocks ; Pins ; Virtual Pins ; IOPLLs ; Full Hierarchy Name                                                                                                ; Entity Name                                 ; Library Name             ;
+-----------------------------------------------------------+---------------------+---------------------------+-------------------+------------+------+--------------+--------+--------------------------------------------------------------------------------------------------------------------+---------------------------------------------+--------------------------+
; |                                                         ; 568 (44)            ; 312 (127)                 ; 0                 ; 0          ; 174  ; 0            ; 0 (0)  ; |                                                                                                                  ; ElementAdditionCutBipolar_F                 ; altera_work              ;
;    |c_leq_max_inst|                                       ; 13 (0)              ; 2 (0)                     ; 0                 ; 0          ; 0    ; 0            ; 0 (0)  ; c_leq_max_inst                                                                                                     ; fp_compare                                  ; fp_compare               ;
;       |fp_functions_0|                                    ; 13 (13)             ; 2 (0)                     ; 0                 ; 0          ; 0    ; 0            ; 0 (0)  ; c_leq_max_inst|fp_functions_0                                                                                      ; fp_compare_altera_fp_functions_1917_q54p7sy ; altera_fp_functions_1917 ;
;          |oneIsNaN_uid34_fpCompareTest_delay|             ; 0 (0)               ; 1 (0)                     ; 0                 ; 0          ; 0    ; 0            ; 0 (0)  ; c_leq_max_inst|fp_functions_0|oneIsNaN_uid34_fpCompareTest_delay                                                   ; dspba_delay                                 ; altera_fp_functions_1917 ;
;             |delay_block.delay_loop[0].with_reset.reg|    ; 0 (0)               ; 1 (1)                     ; 0                 ; 0          ; 0    ; 0            ; 0 (0)  ; c_leq_max_inst|fp_functions_0|oneIsNaN_uid34_fpCompareTest_delay|delay_block.delay_loop[0].with_reset.reg          ; dspba_reg                                   ; altera_fp_functions_1917 ;
;          |rc2_uid63_fpCompareTest_delay|                  ; 0 (0)               ; 1 (0)                     ; 0                 ; 0          ; 0    ; 0            ; 0 (0)  ; c_leq_max_inst|fp_functions_0|rc2_uid63_fpCompareTest_delay                                                        ; dspba_delay                                 ; altera_fp_functions_1917 ;
;             |delay_block.delay_loop[0].with_reset.reg|    ; 0 (0)               ; 1 (1)                     ; 0                 ; 0          ; 0    ; 0            ; 0 (0)  ; c_leq_max_inst|fp_functions_0|rc2_uid63_fpCompareTest_delay|delay_block.delay_loop[0].with_reset.reg               ; dspba_reg                                   ; altera_fp_functions_1917 ;
;    |c_leq_min_inst|                                       ; 31 (0)              ; 4 (0)                     ; 0                 ; 0          ; 0    ; 0            ; 0 (0)  ; c_leq_min_inst                                                                                                     ; fp_compare                                  ; fp_compare               ;
;       |fp_functions_0|                                    ; 31 (31)             ; 4 (3)                     ; 0                 ; 0          ; 0    ; 0            ; 0 (0)  ; c_leq_min_inst|fp_functions_0                                                                                      ; fp_compare_altera_fp_functions_1917_q54p7sy ; altera_fp_functions_1917 ;
;          |oneIsNaN_uid34_fpCompareTest_delay|             ; 0 (0)               ; 1 (0)                     ; 0                 ; 0          ; 0    ; 0            ; 0 (0)  ; c_leq_min_inst|fp_functions_0|oneIsNaN_uid34_fpCompareTest_delay                                                   ; dspba_delay                                 ; altera_fp_functions_1917 ;
;             |delay_block.delay_loop[0].with_reset.reg|    ; 0 (0)               ; 1 (1)                     ; 0                 ; 0          ; 0    ; 0            ; 0 (0)  ; c_leq_min_inst|fp_functions_0|oneIsNaN_uid34_fpCompareTest_delay|delay_block.delay_loop[0].with_reset.reg          ; dspba_reg                                   ; altera_fp_functions_1917 ;
;    |fp_add_inst|                                          ; 480 (0)             ; 179 (0)                   ; 0                 ; 0          ; 0    ; 0            ; 0 (0)  ; fp_add_inst                                                                                                        ; fp_add                                      ; fp_add                   ;
;       |fp_functions_0|                                    ; 480 (480)           ; 179 (171)                 ; 0                 ; 0          ; 0    ; 0            ; 0 (0)  ; fp_add_inst|fp_functions_0                                                                                         ; fp_add_altera_fp_functions_1917_3lb67iq     ; altera_fp_functions_1917 ;
;          |excN_aSig_uid28_fpAddTest_delay|                ; 0 (0)               ; 1 (0)                     ; 0                 ; 0          ; 0    ; 0            ; 0 (0)  ; fp_add_inst|fp_functions_0|excN_aSig_uid28_fpAddTest_delay                                                         ; dspba_delay                                 ; altera_fp_functions_1917 ;
;             |delay_block.delay_loop[0].with_reset.reg|    ; 0 (0)               ; 1 (1)                     ; 0                 ; 0          ; 0    ; 0            ; 0 (0)  ; fp_add_inst|fp_functions_0|excN_aSig_uid28_fpAddTest_delay|delay_block.delay_loop[0].with_reset.reg                ; dspba_reg                                   ; altera_fp_functions_1917 ;
;          |excN_bSig_uid42_fpAddTest_delay|                ; 0 (0)               ; 1 (0)                     ; 0                 ; 0          ; 0    ; 0            ; 0 (0)  ; fp_add_inst|fp_functions_0|excN_bSig_uid42_fpAddTest_delay                                                         ; dspba_delay                                 ; altera_fp_functions_1917 ;
;             |delay_block.delay_loop[0].with_reset.reg|    ; 0 (0)               ; 1 (1)                     ; 0                 ; 0          ; 0    ; 0            ; 0 (0)  ; fp_add_inst|fp_functions_0|excN_bSig_uid42_fpAddTest_delay|delay_block.delay_loop[0].with_reset.reg                ; dspba_reg                                   ; altera_fp_functions_1917 ;
;          |expXIsMax_uid38_fpAddTest_delay|                ; 0 (0)               ; 1 (0)                     ; 0                 ; 0          ; 0    ; 0            ; 0 (0)  ; fp_add_inst|fp_functions_0|expXIsMax_uid38_fpAddTest_delay                                                         ; dspba_delay                                 ; altera_fp_functions_1917 ;
;             |delay_block.delay_loop[0].with_reset.reg|    ; 0 (0)               ; 1 (1)                     ; 0                 ; 0          ; 0    ; 0            ; 0 (0)  ; fp_add_inst|fp_functions_0|expXIsMax_uid38_fpAddTest_delay|delay_block.delay_loop[0].with_reset.reg                ; dspba_reg                                   ; altera_fp_functions_1917 ;
;          |fracXIsZero_uid25_fpAddTest_delay|              ; 0 (0)               ; 1 (0)                     ; 0                 ; 0          ; 0    ; 0            ; 0 (0)  ; fp_add_inst|fp_functions_0|fracXIsZero_uid25_fpAddTest_delay                                                       ; dspba_delay                                 ; altera_fp_functions_1917 ;
;             |delay_block.delay_loop[0].with_reset.reg|    ; 0 (0)               ; 1 (1)                     ; 0                 ; 0          ; 0    ; 0            ; 0 (0)  ; fp_add_inst|fp_functions_0|fracXIsZero_uid25_fpAddTest_delay|delay_block.delay_loop[0].with_reset.reg              ; dspba_reg                                   ; altera_fp_functions_1917 ;
;          |fracXIsZero_uid39_fpAddTest_delay|              ; 0 (0)               ; 1 (0)                     ; 0                 ; 0          ; 0    ; 0            ; 0 (0)  ; fp_add_inst|fp_functions_0|fracXIsZero_uid39_fpAddTest_delay                                                       ; dspba_delay                                 ; altera_fp_functions_1917 ;
;             |delay_block.delay_loop[0].with_reset.reg|    ; 0 (0)               ; 1 (1)                     ; 0                 ; 0          ; 0    ; 0            ; 0 (0)  ; fp_add_inst|fp_functions_0|fracXIsZero_uid39_fpAddTest_delay|delay_block.delay_loop[0].with_reset.reg              ; dspba_reg                                   ; altera_fp_functions_1917 ;
;          |regInputs_uid118_fpAddTest_delay|               ; 0 (0)               ; 1 (0)                     ; 0                 ; 0          ; 0    ; 0            ; 0 (0)  ; fp_add_inst|fp_functions_0|regInputs_uid118_fpAddTest_delay                                                        ; dspba_delay                                 ; altera_fp_functions_1917 ;
;             |delay_block.delay_loop[0].with_reset.reg|    ; 0 (0)               ; 1 (1)                     ; 0                 ; 0          ; 0    ; 0            ; 0 (0)  ; fp_add_inst|fp_functions_0|regInputs_uid118_fpAddTest_delay|delay_block.delay_loop[0].with_reset.reg               ; dspba_reg                                   ; altera_fp_functions_1917 ;
;          |signRInfRZRReg_uid137_fpAddTest_delay|          ; 0 (0)               ; 1 (0)                     ; 0                 ; 0          ; 0    ; 0            ; 0 (0)  ; fp_add_inst|fp_functions_0|signRInfRZRReg_uid137_fpAddTest_delay                                                   ; dspba_delay                                 ; altera_fp_functions_1917 ;
;             |delay_block.delay_loop[0].with_reset.reg|    ; 0 (0)               ; 1 (1)                     ; 0                 ; 0          ; 0    ; 0            ; 0 (0)  ; fp_add_inst|fp_functions_0|signRInfRZRReg_uid137_fpAddTest_delay|delay_block.delay_loop[0].with_reset.reg          ; dspba_reg                                   ; altera_fp_functions_1917 ;
;          |vCount_uid152_lzCountVal_uid85_fpAddTest_delay| ; 0 (0)               ; 1 (0)                     ; 0                 ; 0          ; 0    ; 0            ; 0 (0)  ; fp_add_inst|fp_functions_0|vCount_uid152_lzCountVal_uid85_fpAddTest_delay                                          ; dspba_delay                                 ; altera_fp_functions_1917 ;
;             |delay_block.delay_loop[0].with_reset.reg|    ; 0 (0)               ; 1 (1)                     ; 0                 ; 0          ; 0    ; 0            ; 0 (0)  ; fp_add_inst|fp_functions_0|vCount_uid152_lzCountVal_uid85_fpAddTest_delay|delay_block.delay_loop[0].with_reset.reg ; dspba_reg                                   ; altera_fp_functions_1917 ;
+-----------------------------------------------------------+---------------------+---------------------------+-------------------+------------+------+--------------+--------+--------------------------------------------------------------------------------------------------------------------+---------------------------------------------+--------------------------+
Note: For table entries with two numbers listed, the numbers in parentheses indicate the number of resources of the given type used by the specific entity alone. The numbers listed outside of parentheses indicate the total resources of the given type used by the specific entity and all of its sub-entities in the hierarchy.


+-------------------------------------------------------------------+
; State Machine - Summary                                           ;
+-------+------------------+------------+----------------+----------+
; Name  ; Number of States ; Using aclr ; Encoding Style ; Safeness ;
+-------+------------------+------------+----------------+----------+
; state ; 7                ; No         ; One-Hot        ; Not Safe ;
+-------+------------------+------------+----------------+----------+


Encoding Type:  One-Hot
+--------------------------------------------------------------------------------------------------------------------------------------------------+
; State Machine - state                                                                                                                            ;
+---------------------+------------------+--------------+-----------------+-----------------+-----------------+---------------------+--------------+
; Name                ; state.S_DATA_RDY ; state.S_COMP ; state.S_FPADD_2 ; state.S_FPADD_1 ; state.S_FPADD_0 ; state.S_DATA_WAIT_0 ; state.S_IDLE ;
+---------------------+------------------+--------------+-----------------+-----------------+-----------------+---------------------+--------------+
; state.S_IDLE        ; 0                ; 0            ; 0               ; 0               ; 0               ; 0                   ; 0            ;
; state.S_DATA_WAIT_0 ; 0                ; 0            ; 0               ; 0               ; 0               ; 1                   ; 1            ;
; state.S_FPADD_0     ; 0                ; 0            ; 0               ; 0               ; 1               ; 0                   ; 1            ;
; state.S_FPADD_1     ; 0                ; 0            ; 0               ; 1               ; 0               ; 0                   ; 1            ;
; state.S_FPADD_2     ; 0                ; 0            ; 1               ; 0               ; 0               ; 0                   ; 1            ;
; state.S_COMP        ; 0                ; 1            ; 0               ; 0               ; 0               ; 0                   ; 1            ;
; state.S_DATA_RDY    ; 1                ; 0            ; 0               ; 0               ; 0               ; 0                   ; 1            ;
+---------------------+------------------+--------------+-----------------+-----------------+-----------------+---------------------+--------------+


+---------------------------------------------------------------------------------------------------------------------------------------------------------------------------+
; Registers Removed During Synthesis                                                                                                                                        ;
+----------------------------------------------------------------------------------------+----------------------------------------------------------------------------------+
; Register name                                                                          ; Reason for Removal                                                               ;
+----------------------------------------------------------------------------------------+----------------------------------------------------------------------------------+
; c_leq_max_inst|fp_functions_0|efxLTefy_uid48_fpCompareTest_o[32]                       ; Stuck at GND due to stuck port data_in                                           ;
; c_leq_min_inst|fp_functions_0|efxGTefy_uid47_fpCompareTest_o[32]                       ; Stuck at GND due to stuck port data_in                                           ;
; fp_add_inst|fp_functions_0|redist0_rVStage_uid151_lzCountVal_uid85_fpAddTest_b_1_q[14] ; Merged with fp_add_inst|fp_functions_0|redist2_fracGRS_uid84_fpAddTest_q_1_q[26] ;
; fp_add_inst|fp_functions_0|redist0_rVStage_uid151_lzCountVal_uid85_fpAddTest_b_1_q[13] ; Merged with fp_add_inst|fp_functions_0|redist2_fracGRS_uid84_fpAddTest_q_1_q[25] ;
; fp_add_inst|fp_functions_0|redist0_rVStage_uid151_lzCountVal_uid85_fpAddTest_b_1_q[12] ; Merged with fp_add_inst|fp_functions_0|redist2_fracGRS_uid84_fpAddTest_q_1_q[24] ;
; fp_add_inst|fp_functions_0|redist0_rVStage_uid151_lzCountVal_uid85_fpAddTest_b_1_q[11] ; Merged with fp_add_inst|fp_functions_0|redist2_fracGRS_uid84_fpAddTest_q_1_q[23] ;
; fp_add_inst|fp_functions_0|redist0_rVStage_uid151_lzCountVal_uid85_fpAddTest_b_1_q[10] ; Merged with fp_add_inst|fp_functions_0|redist2_fracGRS_uid84_fpAddTest_q_1_q[22] ;
; fp_add_inst|fp_functions_0|redist0_rVStage_uid151_lzCountVal_uid85_fpAddTest_b_1_q[9]  ; Merged with fp_add_inst|fp_functions_0|redist2_fracGRS_uid84_fpAddTest_q_1_q[21] ;
; fp_add_inst|fp_functions_0|redist0_rVStage_uid151_lzCountVal_uid85_fpAddTest_b_1_q[8]  ; Merged with fp_add_inst|fp_functions_0|redist2_fracGRS_uid84_fpAddTest_q_1_q[20] ;
; fp_add_inst|fp_functions_0|redist0_rVStage_uid151_lzCountVal_uid85_fpAddTest_b_1_q[7]  ; Merged with fp_add_inst|fp_functions_0|redist2_fracGRS_uid84_fpAddTest_q_1_q[19] ;
; fp_add_inst|fp_functions_0|redist0_rVStage_uid151_lzCountVal_uid85_fpAddTest_b_1_q[6]  ; Merged with fp_add_inst|fp_functions_0|redist2_fracGRS_uid84_fpAddTest_q_1_q[18] ;
; fp_add_inst|fp_functions_0|redist0_rVStage_uid151_lzCountVal_uid85_fpAddTest_b_1_q[5]  ; Merged with fp_add_inst|fp_functions_0|redist2_fracGRS_uid84_fpAddTest_q_1_q[17] ;
; fp_add_inst|fp_functions_0|redist0_rVStage_uid151_lzCountVal_uid85_fpAddTest_b_1_q[4]  ; Merged with fp_add_inst|fp_functions_0|redist2_fracGRS_uid84_fpAddTest_q_1_q[16] ;
; fp_add_inst|fp_functions_0|redist0_rVStage_uid151_lzCountVal_uid85_fpAddTest_b_1_q[3]  ; Merged with fp_add_inst|fp_functions_0|redist2_fracGRS_uid84_fpAddTest_q_1_q[15] ;
; fp_add_inst|fp_functions_0|redist0_rVStage_uid151_lzCountVal_uid85_fpAddTest_b_1_q[2]  ; Merged with fp_add_inst|fp_functions_0|redist2_fracGRS_uid84_fpAddTest_q_1_q[14] ;
; fp_add_inst|fp_functions_0|redist0_rVStage_uid151_lzCountVal_uid85_fpAddTest_b_1_q[1]  ; Merged with fp_add_inst|fp_functions_0|redist2_fracGRS_uid84_fpAddTest_q_1_q[13] ;
; c_leq_max_inst|fp_functions_0|redist1_signX_uid52_fpCompareTest_b_1_q[0]               ; Lost fanout                                                                      ;
; c_leq_max_inst|fp_functions_0|efxGTefy_uid47_fpCompareTest_o[32]                       ; Lost fanout                                                                      ;
; state~0                                                                                ; Lost fanout                                                                      ;
; state~1                                                                                ; Lost fanout                                                                      ;
; state~2                                                                                ; Lost fanout                                                                      ;
; Total Number of Removed Registers = 21                                                 ;                                                                                  ;
+----------------------------------------------------------------------------------------+----------------------------------------------------------------------------------+


+--------------------------------------------------------------------------------------------------------------------------------------------------------------------------+
; Removed Registers Triggering Further Register Optimizations                                                                                                              ;
+------------------------------------------------------------------+---------------------------+---------------------------------------------------------------------------+
; Register name                                                    ; Reason for Removal        ; Registers Removed due to This Register                                    ;
+------------------------------------------------------------------+---------------------------+---------------------------------------------------------------------------+
; c_leq_max_inst|fp_functions_0|efxLTefy_uid48_fpCompareTest_o[32] ; Stuck at GND              ; c_leq_max_inst|fp_functions_0|redist1_signX_uid52_fpCompareTest_b_1_q[0], ;
;                                                                  ; due to stuck port data_in ; c_leq_max_inst|fp_functions_0|efxGTefy_uid47_fpCompareTest_o[32]          ;
+------------------------------------------------------------------+---------------------------+---------------------------------------------------------------------------+


+------------------------------------------------------------+
; General Register Statistics for Partition "root_partition" ;
+----------------------------------------------+-------------+
; Statistic                                    ; Value       ;
+----------------------------------------------+-------------+
; Total registers                              ; 312         ;
; Number of registers using Synchronous Clear  ; 41          ;
; Number of registers using Synchronous Load   ; 71          ;
; Number of registers using Asynchronous Clear ; 231         ;
; Number of registers using Asynchronous Load  ; 0           ;
; Number of registers using Clock Enable       ; 308         ;
; Number of registers using Preset             ; 0           ;
+----------------------------------------------+-------------+


+--------------------------------------------------+
; Inverted Register Statistics                     ;
+----------------------------------------+---------+
; Inverted Register                      ; Fan out ;
+----------------------------------------+---------+
; we_n~reg0                              ; 2       ;
; Total number of inverted registers = 1 ;         ;
+----------------------------------------+---------+


+---------------------------------------------------------------------------------------------------------------------------------------------------------------------------------------------------------------------------------+
; Multiplexer Restructuring Statistics (Restructuring Performed)                                                                                                                                                                  ;
+--------------------+-----------+---------------+----------------------+------------------------+------------+-----------------------------------------------------------------------------------------+-------------------------+
; Multiplexer Inputs ; Bus Width ; Baseline Area ; Area if Restructured ; Saving if Restructured ; Registered ; Example Multiplexer Output                                                              ; Restructuring Performed ;
+--------------------+-----------+---------------+----------------------+------------------------+------------+-----------------------------------------------------------------------------------------+-------------------------+
; 4:1                ; 18 bits   ; 36 LEs        ; 36 LEs               ; 0 LEs                  ; Yes        ; fp_add_inst|fp_functions_0|leftShiftStage2_uid249_fracPostNormExt_uid88_fpAddTest_q[19] ; Yes                     ;
; 3:1                ; 16 bits   ; 32 LEs        ; 0 LEs                ; 32 LEs                 ; Yes        ; fp_add_inst|fp_functions_0|r_uid219_alignmentShifter_uid64_fpAddTest_q[45]              ; Yes                     ;
; 4:1                ; 16 bits   ; 32 LEs        ; 0 LEs                ; 32 LEs                 ; Yes        ; fp_add_inst|fp_functions_0|r_uid219_alignmentShifter_uid64_fpAddTest_q[18]              ; Yes                     ;
; 5:1                ; 9 bits    ; 27 LEs        ; 0 LEs                ; 27 LEs                 ; Yes        ; fp_add_inst|fp_functions_0|r_uid219_alignmentShifter_uid64_fpAddTest_q[1]               ; Yes                     ;
; 4:1                ; 21 bits   ; 42 LEs        ; 0 LEs                ; 42 LEs                 ; Yes        ; raddress[0]~reg0                                                                        ; Yes                     ;
; 6:1                ; 2 bits    ; 8 LEs         ; 8 LEs                ; 0 LEs                  ; Yes        ; fp_add_inst|fp_functions_0|r_uid219_alignmentShifter_uid64_fpAddTest_q[14]              ; Yes                     ;
; 6:1                ; 4 bits    ; 16 LEs        ; 16 LEs               ; 0 LEs                  ; Yes        ; fp_add_inst|fp_functions_0|r_uid219_alignmentShifter_uid64_fpAddTest_q[11]              ; Yes                     ;
; 3:1                ; 8 bits    ; 16 LEs        ; 16 LEs               ; 0 LEs                  ; No         ; fp_add_inst|fp_functions_0|Mux_214~0                                                    ; Yes                     ;
; 3:1                ; 32 bits   ; 64 LEs        ; 64 LEs               ; 0 LEs                  ; No         ; data_wr[1]~30                                                                           ; Yes                     ;
; 4:1                ; 8 bits    ; 16 LEs        ; 16 LEs               ; 0 LEs                  ; No         ; fp_add_inst|fp_functions_0|Mux_151                                                      ; Yes                     ;
; 3:1                ; 2 bits    ; 4 LEs         ; 4 LEs                ; 0 LEs                  ; No         ; fp_add_inst|fp_functions_0|Mux_176                                                      ; Yes                     ;
; 4:1                ; 6 bits    ; 12 LEs        ; 12 LEs               ; 0 LEs                  ; No         ; fp_add_inst|fp_functions_0|Mux_177                                                      ; Yes                     ;
; 3:1                ; 2 bits    ; 4 LEs         ; 4 LEs                ; 0 LEs                  ; No         ; fp_add_inst|fp_functions_0|Mux_177                                                      ; Yes                     ;
; 4:1                ; 4 bits    ; 8 LEs         ; 8 LEs                ; 0 LEs                  ; No         ; fp_add_inst|fp_functions_0|Mux_177                                                      ; Yes                     ;
; 3:1                ; 4 bits    ; 8 LEs         ; 8 LEs                ; 0 LEs                  ; No         ; fp_add_inst|fp_functions_0|Mux_58                                                       ; Yes                     ;
; 3:1                ; 4 bits    ; 8 LEs         ; 8 LEs                ; 0 LEs                  ; No         ; fp_add_inst|fp_functions_0|Mux_57                                                       ; Yes                     ;
; 4:1                ; 15 bits   ; 30 LEs        ; 30 LEs               ; 0 LEs                  ; No         ; fp_add_inst|fp_functions_0|Mux_60                                                       ; Yes                     ;
; 3:1                ; 4 bits    ; 8 LEs         ; 8 LEs                ; 0 LEs                  ; No         ; fp_add_inst|fp_functions_0|Mux_76                                                       ; Yes                     ;
; 3:1                ; 4 bits    ; 8 LEs         ; 8 LEs                ; 0 LEs                  ; No         ; fp_add_inst|fp_functions_0|Mux_59                                                       ; Yes                     ;
; 4:1                ; 21 bits   ; 42 LEs        ; 42 LEs               ; 0 LEs                  ; No         ; fp_add_inst|fp_functions_0|Mux_2                                                        ; Yes                     ;
; 5:1                ; 2 bits    ; 6 LEs         ; 6 LEs                ; 0 LEs                  ; No         ; fp_add_inst|fp_functions_0|Mux_177                                                      ; Yes                     ;
; 4:1                ; 2 bits    ; 4 LEs         ; 4 LEs                ; 0 LEs                  ; No         ; fp_add_inst|fp_functions_0|Mux_177                                                      ; Yes                     ;
+--------------------+-----------+---------------+----------------------+------------------------+------------+-----------------------------------------------------------------------------------------+-------------------------+


+---------------------------------------------------------------+
; Preserve for Debug Assignments for Partition "root_partition" ;
+------+--------+-----------------------------------------------+
; Name ; Status ; Notes                                         ;
+------+--------+-----------------------------------------------+
Notes: Table created because there is an active PRESERVE_FOR_DEBUG_ENABLE in the project, even though there are no tagged names within the partition.


+------------------------------------------------------------------+
; Post-Synthesis Netlist Statistics for Partition "root_partition" ;
+------------------------+-----------------------------------------+
; Type                   ; Count                                   ;
+------------------------+-----------------------------------------+
; boundary_port          ; 174                                     ;
; cyclone10gx_ff         ; 312                                     ;
;     CLR                ; 3                                       ;
;     ENA                ; 80                                      ;
;     ENA CLR            ; 141                                     ;
;     ENA CLR SCLR       ; 16                                      ;
;     ENA CLR SCLR SLD   ; 25                                      ;
;     ENA CLR SLD        ; 46                                      ;
;     plain              ; 1                                       ;
; cyclone10gx_lcell_comb ; 568                                     ;
;     arith              ; 132                                     ;
;         0 data inputs  ; 7                                       ;
;         1 data inputs  ; 56                                      ;
;         2 data inputs  ; 32                                      ;
;         3 data inputs  ; 5                                       ;
;         4 data inputs  ; 30                                      ;
;         5 data inputs  ; 2                                       ;
;     extend             ; 2                                       ;
;         7 data inputs  ; 2                                       ;
;     normal             ; 392                                     ;
;         1 data inputs  ; 2                                       ;
;         2 data inputs  ; 27                                      ;
;         3 data inputs  ; 104                                     ;
;         4 data inputs  ; 81                                      ;
;         5 data inputs  ; 63                                      ;
;         6 data inputs  ; 115                                     ;
;     shared             ; 42                                      ;
;         0 data inputs  ; 2                                       ;
;         1 data inputs  ; 9                                       ;
;         2 data inputs  ; 31                                      ;
;                        ;                                         ;
; Number of carry chains ; 9                                       ;
; Max carry chain length ; 34                                      ;
;                        ;                                         ;
; Max LUT depth          ; 13.90                                   ;
; Average LUT depth      ; 7.14                                    ;
+------------------------+-----------------------------------------+


+-----------------------------------------------------------------+
; Synthesis Resource Usage Summary for Partition "root_partition" ;
+---------------------------------------------+-------------------+
; Resource                                    ; Usage             ;
+---------------------------------------------+-------------------+
; Estimate of Logic utilization (ALMs needed) ; 381               ;
;                                             ;                   ;
; Combinational ALUT usage for logic          ; 568               ;
;     -- 7 input functions                    ; 2                 ;
;     -- 6 input functions                    ; 115               ;
;     -- 5 input functions                    ; 65                ;
;     -- 4 input functions                    ; 111               ;
;     -- <=3 input functions                  ; 275               ;
;                                             ;                   ;
; Dedicated logic registers                   ; 312               ;
;                                             ;                   ;
; I/O pins                                    ; 174               ;
;                                             ;                   ;
; Total DSP Blocks                            ; 0                 ;
;     -- [A] Total Fixed Point DSP Blocks     ; 0                 ;
;     -- [B] Total Floating Point DSP Blocks  ; 0                 ;
;                                             ;                   ;
; Maximum fan-out node                        ; clk               ;
; Maximum fan-out                             ; 312               ;
; Total fan-out                               ; 3630              ;
; Average fan-out                             ; 3.44              ;
+---------------------------------------------+-------------------+


+------------------------------------------------------------------------------------------------------------------------------------------+
; Verilog Macro Usage                                                                                                                      ;
+----------------------------------------------------------------------------------------------------+----------+------+-------+-----------+
; Name                                                                                               ; Location ; From ; Value ; Arguments ;
+----------------------------------------------------------------------------------------------------+----------+------+-------+-----------+
; D:/School/Grad/Code/my_hdc/hdl/rtl/bundling/element_addition_cut/ElementAdditionCutBipolar_State.h ;          ;      ;       ;           ;
;     ELEMENT_ADDITION_CUT_BIPOLAR_DEFINE_STATE                                                      ;          ;      ;       ;           ;
;         Refer                                                                                      ; 1        ; None ;       ;           ;
;         Define                                                                                     ; 2        ;      ;       ;           ;
+----------------------------------------------------------------------------------------------------+----------+------+-------+-----------+
&lt;same as above&gt; indicates that the value matches the previous occurence of the macro.


Top root causes of logic optimization that have been identified during sweep. Go to the " Root Causes Tab " in the " Sweep Hints Viewer " tool in the " RTL Analyzer " for more details and filtering options.
+-----------------------------------------------------------------------------+
; Top Causes of Logic Optimized Away During Sweep                             ;
+----------------------+------------------+-------------+---------------------+
; Root Object Path     ; Root Object Type ; Root Reason ; Swept Objects Count ;
+----------------------+------------------+-------------+---------------------+
; c_leq_min_inst|b[30] ; INPUT_INST_PORT  ; stuck at 1  ; 38                  ;
; c_leq_max_inst|b[30] ; INPUT_INST_PORT  ; stuck at 0  ; 31                  ;
; c_leq_min_inst|b[22] ; INPUT_INST_PORT  ; stuck at 1  ; 13                  ;
; c_leq_min_inst|b[31] ; INPUT_INST_PORT  ; stuck at 1  ; 10                  ;
; c_leq_max_inst|b[0]  ; INPUT_INST_PORT  ; stuck at 1  ; 5                   ;
; c_leq_max_inst|b[1]  ; INPUT_INST_PORT  ; stuck at 0  ; 4                   ;
; c_leq_max_inst|b[2]  ; INPUT_INST_PORT  ; stuck at 0  ; 4                   ;
; c_leq_max_inst|b[3]  ; INPUT_INST_PORT  ; stuck at 0  ; 4                   ;
; c_leq_max_inst|b[4]  ; INPUT_INST_PORT  ; stuck at 0  ; 4                   ;
; c_leq_max_inst|b[5]  ; INPUT_INST_PORT  ; stuck at 0  ; 4                   ;
+----------------------+------------------+-------------+---------------------+


+--------------------+
; Synthesis Messages ;
+--------------------+
Info: *******************************************************************
Info: Running Quartus Prime Synthesis
    Info: Version 23.3.0 Build 104 09/20/2023 SC Pro Edition
    Info: Processing started: Wed Nov  8 13:58:05 2023
    Info: System process ID: 24132
Info: Command: quartus_syn --dni --read_settings_files=on --write_settings_files=off --analysis_and_elaboration hdl -c hdl --synthesis
Info: The application is running in 'DNI' mode.
Info: qis_default_flow_script.tcl version: #3
Info: Initializing Synthesis in DNI mode...
Info: Project = "hdl"
Info: Revision = "hdl"
Info (21958): Initialized Quartus Message Database
Info: Analyzing source files
Info (18237): File "D:/School/Grad/Code/my_hdc/hdl/rtl/floating_point/fp_compare/altera_fp_functions_1917/synth/dspba_library_package.vhd" is a duplicate of already analyzed file "D:/School/Grad/Code/my_hdc/hdl/rtl/floating_point/fp_add/altera_fp_functions_1917/synth/dspba_library_package.vhd" (same filename, same library name and same md5 digest). Skipping analysis of this file.
Info (18237): File "D:/School/Grad/Code/my_hdc/hdl/rtl/floating_point/fp_compare/altera_fp_functions_1917/synth/dspba_library.vhd" is a duplicate of already analyzed file "D:/School/Grad/Code/my_hdc/hdl/rtl/floating_point/fp_add/altera_fp_functions_1917/synth/dspba_library.vhd" (same filename, same library name and same md5 digest). Skipping analysis of this file.
Info (16884): Verilog HDL info at ElementAdditionCutBipolar_F.sv(3): analyzing included file D:/School/Grad/Code/my_hdc/hdl/rtl/bundling/element_addition_cut/ElementAdditionCutBipolar_State.h File: D:/School/Grad/Code/my_hdc/hdl/rtl/bundling/element_addition_cut/ElementAdditionCutBipolar_F.sv Line: 3
Info (19624): Verilog HDL info at ElementAdditionCutBipolar_F.sv(3): back to file 'D:/School/Grad/Code/my_hdc/hdl/rtl/bundling/element_addition_cut/ElementAdditionCutBipolar_F.sv' File: D:/School/Grad/Code/my_hdc/hdl/rtl/bundling/element_addition_cut/ElementAdditionCutBipolar_F.sv Line: 3
Info: Elaborating from top-level entity "ElementAdditionCutBipolar_F"
Info (18235): Library search order is as follows: "fp_add; fp_compare; altera_fp_functions_1917". Quartus will look for undefined design units in your libraries in that order. To modify the ordering, please specify a semi-colon separated library list using the assignment LIBRARY_SEARCH_ORDER.
Info (19337): VHDL info at fp_add_altera_fp_functions_1917_3lb67iq.vhd(37): executing entity "fp_add_altera_fp_functions_1917_3lb67iq" with architecture "normal" File: D:/School/Grad/Code/my_hdc/hdl/rtl/floating_point/fp_add/altera_fp_functions_1917/synth/fp_add_altera_fp_functions_1917_3lb67iq.vhd Line: 37
Info (19337): VHDL info at dspba_library.vhd(145): executing entity "dspba_delay(width=1)(1,5)" with architecture "delay" File: D:/School/Grad/Code/my_hdc/hdl/rtl/floating_point/fp_add/altera_fp_functions_1917/synth/dspba_library.vhd Line: 145
Info (19337): VHDL info at dspba_library.vhd(19): executing entity "dspba_reg(width=1,init_value="0")(0,0)(1,5)" with architecture "reg" File: D:/School/Grad/Code/my_hdc/hdl/rtl/floating_point/fp_add/altera_fp_functions_1917/synth/dspba_library.vhd Line: 19
Info (19337): VHDL info at fp_compare_altera_fp_functions_1917_q54p7sy.vhd(38): executing entity "fp_compare_altera_fp_functions_1917_q54p7sy" with architecture "normal" File: D:/School/Grad/Code/my_hdc/hdl/rtl/floating_point/fp_compare/altera_fp_functions_1917/synth/fp_compare_altera_fp_functions_1917_q54p7sy.vhd Line: 38
Info: Found 12 design entities
Info: There are 31 partitions after elaboration.
Info: Synthesizing partition "root_partition"
Info (286030): Timing-Driven Synthesis is running
Info (17049): 5 registers lost all their fanouts during netlist optimizations.
Info (21057): Implemented 976 device resources after synthesis - the final resource count might be different
    Info (21058): Implemented 98 input pins
    Info (21059): Implemented 76 output pins
    Info (21061): Implemented 802 logic cells
Info: Successfully synthesized partition
Info: Saving post-synthesis snapshots for 1 partition(s)
Info: Quartus Prime Synthesis was successful. 0 errors, 0 warnings
    Info: Peak virtual memory: 656 megabytes
    Info: Processing ended: Wed Nov  8 13:59:20 2023
    Info: Elapsed time: 00:01:15
    Info: System process ID: 24132


